esp8266.c:18:12:esp8266_restore	64	static
esp8266.c:33:12:esp8266_echo_close	56	static
esp8266.c:45:12:esp8266_net_mode_set	72	static
esp8266.c:75:12:esp8266_send_mode_set	72	static
esp8266.c:96:12:esp8266_multilink_set	72	static
esp8266.c:111:5:esp8266_join_ap	80	static
esp8266.c:130:12:esp8266_reconnect_init	8	static
esp8266.c:152:12:esp8266_connect	88	static
esp8266.c:183:12:esp8266_recv_timeout	24	static
esp8266.c:188:12:esp8266_recv	24	static
esp8266.c:193:12:esp8266_is_link_broken	16	static
esp8266.c:252:12:esp8266_send	136	static
esp8266.c:304:12:esp8266_sendto	144	static
esp8266.c:366:12:esp8266_recvfrom_timeout	24	static
esp8266.c:371:12:esp8266_recvfrom	24	static
esp8266.c:376:13:esp8266_transparent_mode_exit	8	static
esp8266.c:381:12:esp8266_close	16	static
esp8266.c:396:12:esp8266_parse_domain	144	static
esp8266.c:424:12:esp8266_init	8	static
esp8266.c:476:17:esp8266_incoming_data_process	24	static
esp8266.c:613:5:esp8266_sal_init	16	static
esp8266.c:640:5:esp8266_sal_deinit	16	static
esp8266.c:655:5:esp8266_rec_callback_regist	16	static
