<html>
<body>
<pre>
<h1>µVision Build Log</h1>
<h2>Tool Versions:</h2>
IDE-Version: ¦ÌVision V5.26.2.0
Copyright (C) 2018 ARM Ltd and ARM Germany GmbH. All rights reserved.
License Information: lin qian, 111, LIC=76FRA-1CLAB-G7DR6-DKBN1-JRC71-LXXPY
 
Tool Versions:
Toolchain:       MDK-ARM Plus  Version: 5.26.2.0
Toolchain Path:  C:\Keil_v5\ARM\ARMCC\Bin
C Compiler:      Armcc.exe V5.06 update 6 (build 750)
Assembler:       Armasm.exe V5.06 update 6 (build 750)
Linker/Locator:  ArmLink.exe V5.06 update 6 (build 750)
Library Manager: ArmAr.exe V5.06 update 6 (build 750)
Hex Converter:   FromElf.exe V5.06 update 6 (build 750)
CPU DLL:         SARMCM3.DLL V5.26.2.0
Dialog DLL:      DCM.DLL V1.17.2.0
Target DLL:      Segger\JL2CM3.dll V2.99.31.0
Dialog DLL:      TCM.DLL V1.36.1.0
 
<h2>Project:</h2>
D:\WAREHOUSE\LocalRep\STM32F4_ESP8266_AT\MDK-ARM\myOsProject.uvprojx
Project File Date:  10/15/2020

<h2>Output:</h2>
*** Using Compiler 'V5.06 update 6 (build 750)', folder: 'C:\Keil_v5\ARM\ARMCC\Bin'
Rebuild target 'myOsProject'
assembling startup_stm32f407xx.s...
compiling gpio.c...
compiling usart.c...
compiling stm32f4xx_it.c...
compiling main.c...
compiling stm32f4xx_hal_msp.c...
compiling stm32f4xx_hal_timebase_tim.c...
compiling stm32f4xx_hal_tim_ex.c...
compiling stm32f4xx_hal_tim.c...
compiling stm32f4xx_hal_rcc_ex.c...
compiling stm32f4xx_hal_uart.c...
compiling stm32f4xx_hal_rcc.c...
compiling stm32f4xx_hal_flash.c...
compiling stm32f4xx_hal_flash_ramfunc.c...
compiling stm32f4xx_hal_gpio.c...
compiling stm32f4xx_hal_flash_ex.c...
compiling stm32f4xx_hal_dma_ex.c...
compiling stm32f4xx_hal_pwr.c...
compiling stm32f4xx_hal_dma.c...
compiling stm32f4xx_hal_pwr_ex.c...
compiling stm32f4xx_hal_cortex.c...
compiling system_stm32f4xx.c...
compiling stm32f4xx_hal_exti.c...
compiling stm32f4xx_hal.c...
compiling applicationEntry.c...
compiling board.c...
compiling fly_task_net.c...
compiling fly_task_board.c...
compiling iDebug.c...
..\HalInterfaces\src\iDebug.c(91): warning:  #186-D: pointless comparison of unsigned integer with zero
  	if (level >= LOG_LEVEL && level > DBG_LEV_NO) {
..\HalInterfaces\src\iDebug.c: 1 warning, 0 errors
assembling FlyInterUser.s...
compiling iCharArrayBuffer.c...
compiling tinyprintf.c...
compiling comTest.c...
compiling osAbstract.c...
compiling tos_cpu.c...
compiling TestTask.c...
compiling port_c.c...
assembling port_s.S...
compiling tos_fault.c...
compiling tos_barrier.c...
compiling tos_bitmap.c...
compiling tos_binary_heap.c...
compiling tos_char_fifo.c...
compiling tos_countdownlatch.c...
compiling tos_event.c...
compiling tos_completion.c...
compiling tos_global.c...
compiling tos_mail_queue.c...
compiling tos_message_queue.c...
compiling tos_mmblk.c...
compiling tos_priority_mail_queue.c...
compiling tos_pend.c...
compiling tos_mutex.c...
compiling tos_mmheap.c...
compiling tos_ring_queue.c...
compiling tos_robin.c...
compiling tos_priority_queue.c...
compiling tos_priority_message_queue.c...
compiling tos_rwlock.c...
compiling tos_sched.c...
compiling tos_sem.c...
compiling tos_stopwatch.c...
compiling tos_sys.c...
compiling tos_tick.c...
compiling tos_task.c...
compiling tos_time.c...
compiling tos_evtdrv_global.c...
compiling tos_timer.c...
compiling tos_evtdrv_event.c...
compiling tos_evtdrv_msg.c...
compiling tos_evtdrv_tick.c...
compiling tos_evtdrv_task.c...
compiling tos_evtdrv_sys.c...
compiling tos_evtdrv_timer.c...
compiling tos_hal_uart.c...
compiling tos_tickless.c...
compiling tos_pm.c...
compiling cmsis_os.c...
compiling sal_module_wrapper.c...
compiling tos_at_socket_lib.c...
compiling tos_at_socket.c...
compiling esp8266.c...
compiling tos_at.c...
compiling tos_at_socket_prv.c...
linking...
Program Size: Code=24920 RO-data=664 RW-data=628 ZI-data=54796  
FromELF: creating hex file...
"myOsProject\myOsProject.axf" - 0 Error(s), 1 Warning(s).

<h2>Software Packages used:</h2>

Package Vendor: ARM
                http://www.keil.com/pack/ARM.CMSIS.5.4.0.pack
                ARM.CMSIS.5.4.0
                CMSIS (Cortex Microcontroller Software Interface Standard)
   * Component: CORE Version: 5.1.2

Package Vendor: Keil
                http://www.keil.com/pack/Keil.STM32F4xx_DFP.2.13.0.pack
                Keil.STM32F4xx_DFP.2.13.0
                STMicroelectronics STM32F4 Series Device Support, Drivers and Examples

<h2>Collection of Component include folders:</h2>
  .\RTE\_myOsProject
  C:\Keil_v5\ARM\PACK\ARM\CMSIS\5.4.0\CMSIS\Core\Include
  C:\Keil_v5\ARM\PACK\Keil\STM32F4xx_DFP\2.13.0\Drivers\CMSIS\Device\ST\STM32F4xx\Include

<h2>Collection of Component Files used:</h2>

   * Component: ARM::CMSIS:CORE:5.1.2
Build Time Elapsed:  00:03:10
</pre>
</body>
</html>
