tos_at.c:24:13:tos_at_global_lock_pend	8	static
tos_at.c:32:13:tos_at_global_lock_post	8	static
tos_at.c:40:16:at_uart_getchar	32	static
tos_at.c:61:24:at_event_do_get	40	static
tos_at.c:86:24:at_get_event	24	static
tos_at.c:100:13:tos_at_uart_read	24	static
tos_at.c:118:13:tos_at_uart_readline	24	static
tos_at.c:138:13:tos_at_uart_drain	24	static
tos_at.c:156:16:at_is_echo_expect	32	static
tos_at.c:195:30:at_uart_line_parse	24	static
tos_at.c:250:17:at_echo_status_set	24	static
tos_at.c:268:17:at_echo_buffer_copy	32	static
tos_at.c:288:17:at_parser	32	static
tos_at.c:336:16:at_uart_send	32	static
tos_at.c:347:13:tos_at_echo_create	24	static
tos_at.c:368:13:tos_at_echo_fuzzy_matching_create	24	static
tos_at.c:389:24:at_echo_flush	16	static
tos_at.c:396:24:at_echo_attach	16	static
tos_at.c:402:13:tos_at_raw_data_send	40	static
tos_at.c:419:13:tos_at_raw_data_send_until	40	static
tos_at.c:446:16:at_cmd_do_exec	24	static
tos_at.c:465:13:tos_at_cmd_exec	32	static
tos_at.c:490:13:tos_at_cmd_exec_until	32	static
tos_at.c:525:16:at_recv_cache_init	16	static
tos_at.c:541:17:at_recv_cache_deinit	16	static
tos_at.c:555:31:at_channel_get	24	static
tos_at.c:582:13:tos_at_channel_read	40	static
tos_at.c:611:13:tos_at_channel_read_timed	64	static
tos_at.c:651:13:tos_at_channel_write	32	static
tos_at.c:672:23:at_channel_construct	32	static
tos_at.c:700:13:tos_at_channel_alloc_id	32	static
tos_at.c:716:13:tos_at_channel_alloc	24	static
tos_at.c:739:13:tos_at_channel_free	24	static
tos_at.c:761:13:tos_at_channel_set_broken	24	static
tos_at.c:774:13:tos_at_channel_is_working	24	static
tos_at.c:782:17:at_channel_init	16	static
tos_at.c:793:17:at_channel_deinit	16	static
tos_at.c:802:21:tos_at_channel_ip_get	24	static
tos_at.c:814:21:tos_at_channel_port_get	24	static
tos_at.c:826:17:at_event_table_set	16	static
tos_at.c:832:13:tos_at_init	48	static
tos_at.c:927:14:tos_at_deinit	8	static
tos_at.c:958:14:tos_at_uart_input_byte	16	static
