stm32f4xx_it.c:82:6:NMI_Handler	4	static
stm32f4xx_it.c:95:6:HardFault_Handler	8	static
stm32f4xx_it.c:110:6:MemManage_Handler	4	static
stm32f4xx_it.c:125:6:BusFault_Handler	4	static
stm32f4xx_it.c:140:6:UsageFault_Handler	4	static
stm32f4xx_it.c:155:6:SVC_Handler	4	static
stm32f4xx_it.c:168:6:DebugMon_Handler	4	static
stm32f4xx_it.c:181:13:PendSV_Handler	4	static
stm32f4xx_it.c:194:6:SysTick_Handler	8	static
stm32f4xx_it.c:221:6:TIM1_UP_TIM10_IRQHandler	8	static
stm32f4xx_it.c:235:6:USART1_IRQHandler	8	static
stm32f4xx_it.c:249:6:USART2_IRQHandler	8	static
stm32f4xx_it.c:263:6:USART3_IRQHandler	8	static
stm32f4xx_it.c:277:6:USART6_IRQHandler	8	static
stm32f4xx_it.c:289:6:HAL_UART_RxCpltCallback	16	static
stm32f4xx_it.c:294:6:HAL_UART_ErrorCallback	16	static
stm32f4xx_it.c:299:6:HAL_UART_TxCpltCallback	16	static
stm32f4xx_it.c:307:6:DMA1_Stream3_IRQHandler	8	static
stm32f4xx_it.c:321:6:DMA1_Stream6_IRQHandler	8	static
stm32f4xx_it.c:335:6:DMA2_Stream6_IRQHandler	8	static
stm32f4xx_it.c:349:6:DMA2_Stream7_IRQHandler	8	static
