tos_sys.h:182:31:knl_object_verify	16	static
tos_sys.h:187:32:knl_object_init	16	static
tos_sys.h:192:32:knl_object_deinit	16	static
tos_sys.h:199:32:knl_object_alloc_reset	16	static
tos_sys.h:204:32:knl_object_alloc_set_dynamic	16	static
tos_sys.h:209:32:knl_object_alloc_set_static	16	static
tos_sys.h:214:31:knl_object_alloc_is_dynamic	16	static
tos_sys.h:219:31:knl_object_alloc_is_static	16	static
tos_char_fifo.c:20:17:tos_chr_fifo_create	32	static
tos_char_fifo.c:38:17:tos_chr_fifo_destroy	24	static
tos_char_fifo.c:60:17:tos_chr_fifo_create_dyn	24	static
tos_char_fifo.c:77:17:tos_chr_fifo_destroy_dyn	24	static
tos_char_fifo.c:99:17:tos_chr_fifo_push	16	static
tos_char_fifo.c:107:13:tos_chr_fifo_push_stream	40	static
tos_char_fifo.c:131:17:tos_chr_fifo_pop	16	static
tos_char_fifo.c:139:13:tos_chr_fifo_pop_stream	40	static
tos_char_fifo.c:162:17:tos_chr_fifo_flush	16	static
tos_char_fifo.c:170:13:tos_chr_fifo_is_empty	16	static
tos_char_fifo.c:178:13:tos_chr_fifo_is_full	16	static
