tos_sys.h:182:31:knl_object_verify	16	static
tos_sys.h:187:32:knl_object_init	16	static
tos_sys.h:192:32:knl_object_deinit	16	static
tos_sys.h:199:32:knl_object_alloc_reset	16	static
tos_sys.h:204:32:knl_object_alloc_set_dynamic	16	static
tos_sys.h:209:32:knl_object_alloc_set_static	16	static
tos_sys.h:214:31:knl_object_alloc_is_dynamic	16	static
tos_sys.h:219:31:knl_object_alloc_is_static	16	static
tos_binary_heap.c:20:24:bin_heap_item_copy_to	24	static
tos_binary_heap.c:28:24:bin_heap_item_copy_from	16	static
tos_binary_heap.c:33:24:bin_heap_item_increase	16	static
tos_binary_heap.c:38:24:bin_heap_item_decrease	16	static
tos_binary_heap.c:43:17:bin_heap_do_percolate_up	48	static
tos_binary_heap.c:69:17:bin_heap_percolate_up	16	static
tos_binary_heap.c:74:17:bin_heap_percolate_down	56	static
tos_binary_heap.c:117:17:tos_bin_heap_create	24	static
tos_binary_heap.c:135:17:tos_bin_heap_destroy	16	static
tos_binary_heap.c:156:17:tos_bin_heap_create_dyn	32	static
tos_binary_heap.c:180:17:tos_bin_heap_destroy_dyn	16	static
tos_binary_heap.c:203:17:tos_bin_heap_push	32	static
tos_binary_heap.c:229:17:tos_bin_heap_pop	32	static
tos_binary_heap.c:253:17:tos_bin_heap_flush	24	static
tos_binary_heap.c:267:13:tos_bin_heap_is_empty	24	static
tos_binary_heap.c:282:13:tos_bin_heap_is_full	24	static
