tos_list.h:80:24:_list_add	24	static
tos_list.h:88:24:_list_del	16	static
tos_list.h:99:32:tos_list_init	16	static
tos_list.h:110:32:tos_list_add_tail	16	static
tos_list.h:115:32:tos_list_del	16	static
tos_list.h:138:31:tos_list_empty	16	static
tos_task.h:352:31:task_state_is_sleeping	16	static
tos_task.h:357:31:task_state_is_pending	16	static
tos_task.h:362:31:task_state_is_suspended	16	static
tos_task.h:367:32:task_state_reset_pending	16	static
tos_task.h:387:32:task_state_set_pend	16	static
tos_pend.c:20:17:pend_list_add	24	static
tos_pend.c:39:18:pend_highest_pending_prio_get	24	static
tos_pend.c:48:19:pend_highest_pending_task_get	16	static
tos_pend.c:53:14:pend_list_remove	16	static
tos_pend.c:61:14:pend_object_init	16	static
tos_pend.c:66:14:pend_object_deinit	16	static
tos_pend.c:71:13:pend_is_nopending	16	static
tos_pend.c:76:14:pend_list_adjust	16	static
tos_pend.c:84:17:pend_state2errno	16	static
tos_pend.c:99:14:pend_task_wakeup	16	static
tos_pend.c:118:14:pend_task_block	32	static
tos_pend.c:130:14:pend_wakeup_one	16	static
tos_pend.c:135:14:pend_wakeup_all	24	static
tos_pend.c:144:14:pend_wakeup	16	static
