tos_sys.h:182:31:knl_object_verify	16	static
tos_sys.h:187:32:knl_object_init	16	static
tos_sys.h:192:32:knl_object_deinit	16	static
tos_sys.h:199:32:knl_object_alloc_reset	16	static
tos_sys.h:204:32:knl_object_alloc_set_dynamic	16	static
tos_sys.h:209:32:knl_object_alloc_set_static	16	static
tos_sys.h:214:31:knl_object_alloc_is_dynamic	16	static
tos_sys.h:219:31:knl_object_alloc_is_static	16	static
tos_priority_queue.c:20:24:prio_q_item_copy_to	24	static
tos_priority_queue.c:28:24:prio_q_item_copy_from	24	static
tos_priority_queue.c:33:24:prio_q_item_increase	16	static
tos_priority_queue.c:38:24:prio_q_item_decrease	16	static
tos_priority_queue.c:43:17:prio_q_pool_mgr_init	32	static
tos_priority_queue.c:56:17:prio_q_pool_mgr_reset	24	static
tos_priority_queue.c:70:17:prio_q_pool_mgr_deinit	16	static
tos_priority_queue.c:76:16:prio_q_mgr_entry_cmp	24	static
tos_priority_queue.c:90:17:prio_q_prio_mgr_init	32	static
tos_priority_queue.c:96:17:prio_q_prio_mgr_reset	16	static
tos_priority_queue.c:101:17:prio_q_prio_mgr_deinit	16	static
tos_priority_queue.c:107:26:prio_q_pool_mgr_slot_alloc	24	static
tos_priority_queue.c:123:17:prio_q_pool_mgr_slot_free	24	static
tos_priority_queue.c:132:17:prio_q_prio_mgr_slot_enqueue	24	static
tos_priority_queue.c:144:26:prio_q_prio_mgr_slot_dequeue	32	static
tos_priority_queue.c:161:17:tos_prio_q_create	32	static
tos_priority_queue.c:188:17:tos_prio_q_destroy	16	static
tos_priority_queue.c:212:17:tos_prio_q_create_dyn	48	static
tos_priority_queue.c:241:17:tos_prio_q_destroy_dyn	16	static
tos_priority_queue.c:268:17:prio_q_do_enqueue	24	static
tos_priority_queue.c:275:17:tos_prio_q_enqueue	32	static
tos_priority_queue.c:302:17:prio_q_do_dequeue	24	static
tos_priority_queue.c:309:17:tos_prio_q_dequeue	32	static
tos_priority_queue.c:331:17:tos_prio_q_flush	24	static
tos_priority_queue.c:348:13:tos_prio_q_is_empty	24	static
tos_priority_queue.c:363:13:tos_prio_q_is_full	24	static
