tos_mmheap.c:89:16:generic_fls	16	static
tos_mmheap.c:95:16:__ffs	16	static
tos_mmheap.c:100:16:__fls	16	static
tos_mmheap.c:109:17:mapping_insert	32	static
tos_mmheap.c:127:17:mapping_search	32	static
tos_mmheap.c:138:26:blk_size	16	static
tos_mmheap.c:143:23:blk_is_last	16	static
tos_mmheap.c:148:24:blk_set_size	16	static
tos_mmheap.c:153:23:blk_is_free	16	static
tos_mmheap.c:158:24:blk_set_free	16	static
tos_mmheap.c:163:24:blk_set_used	16	static
tos_mmheap.c:168:23:blk_is_prev_free	16	static
tos_mmheap.c:173:24:blk_set_prev_free	16	static
tos_mmheap.c:178:17:blk_set_prev_used	16	static
tos_mmheap.c:183:33:blk_from_ptr	16	static
tos_mmheap.c:188:25:blk_to_ptr	16	static
tos_mmheap.c:194:33:offset_to_blk	16	static
tos_mmheap.c:200:33:blk_prev	16	static
tos_mmheap.c:206:26:blk_next	32	static
tos_mmheap.c:215:26:blk_link_next	24	static
tos_mmheap.c:224:17:blk_mark_as_free	24	static
tos_mmheap.c:234:17:blk_mark_as_used	24	static
tos_mmheap.c:243:26:align_up	16	static
tos_mmheap.c:248:26:align_down	16	static
tos_mmheap.c:253:25:align_ptr	16	static
tos_mmheap.c:259:17:insert_free_block	32	static
tos_mmheap.c:278:17:remove_free_block	32	static
tos_mmheap.c:305:17:blk_remove	24	static
tos_mmheap.c:314:17:blk_insert	24	static
tos_mmheap.c:322:16:blk_can_split	16	static
tos_mmheap.c:328:26:blk_split	24	static
tos_mmheap.c:346:26:blk_absorb	16	static
tos_mmheap.c:354:26:blk_merge_prev	24	static
tos_mmheap.c:368:26:blk_merge_next	24	static
tos_mmheap.c:382:17:blk_trim_free	24	static
tos_mmheap.c:395:17:blk_trim_used	24	static
tos_mmheap.c:409:26:blk_trim_free_leading	24	static
tos_mmheap.c:426:26:blk_search_suitable	32	static
tos_mmheap.c:458:26:blk_locate_free	32	static
tos_mmheap.c:490:19:adjust_request_size	24	static
tos_mmheap.c:507:18:blk_prepare_used	16	static
tos_mmheap.c:517:23:mmheap_pool_is_full	4	static
tos_mmheap.c:522:16:mmheap_pool_is_exist	24	static
tos_mmheap.c:534:24:mmheap_pool_record	16	static
tos_mmheap.c:539:17:mmheap_pool_unrecord	24	static
tos_mmheap.c:554:17:mmheap_ctl_init	16	static
tos_mmheap.c:575:17:mmheap_init	8	static
tos_mmheap.c:581:17:mmheap_init_with_pool	16	static
tos_mmheap.c:588:15:tos_mmheap_alloc	24	static
tos_mmheap.c:602:15:tos_mmheap_calloc	24	static
tos_mmheap.c:614:15:tos_mmheap_aligned_alloc	64	static
tos_mmheap.c:651:14:tos_mmheap_free	24	static
tos_mmheap.c:666:15:tos_mmheap_realloc	48	static
tos_mmheap.c:708:17:tos_mmheap_pool_add	32	static
tos_mmheap.c:755:17:tos_mmheap_pool_rmv	32	static
tos_mmheap.c:774:17:tos_mmheap_pool_check	24	static
tos_mmheap.c:797:17:tos_mmheap_check	32	static
