tos_list.h:80:24:_list_add	24	static
tos_list.h:88:24:_list_del	16	static
tos_list.h:99:32:tos_list_init	16	static
tos_list.h:105:32:tos_list_add	16	static
tos_list.h:115:32:tos_list_del	16	static
tos_list.h:138:31:tos_list_empty	16	static
tos_sys.h:182:31:knl_object_verify	16	static
tos_sys.h:187:32:knl_object_init	16	static
tos_sys.h:192:32:knl_object_deinit	16	static
tos_task.h:347:31:task_state_is_ready	16	static
tos_task.h:352:31:task_state_is_sleeping	16	static
tos_task.h:357:31:task_state_is_pending	16	static
tos_task.h:362:31:task_state_is_suspended	16	static
tos_task.h:377:32:task_state_reset_suspended	16	static
tos_task.h:382:32:task_state_set_suspended	16	static
tos_task.h:392:32:task_state_set_ready	16	static
tos_task.h:397:32:task_state_set_deleted	16	static
tos_task.h:407:34:task_default_walker	24	static
tos_task.c:20:24:task_reset	16	static
tos_task.c:51:17:task_exit	8	static
tos_task.c:57:21:task_highest_pending_prio_get	24	static
tos_task.c:72:17:task_mutex_release	24	static
tos_task.c:82:17:tos_task_create	40	static
tos_task.c:152:20:task_do_destroy	24	static
tos_task.c:190:20:task_destroy_static	16	static
tos_task.c:305:17:tos_task_destroy	16	static
tos_task.c:328:14:tos_task_yield	16	static
tos_task.c:345:17:tos_task_prio_change	24	static
tos_task.c:404:17:tos_task_suspend	24	static
tos_task.c:435:17:tos_task_resume	24	static
tos_task.c:465:17:tos_task_delay	24	static
tos_task.c:496:17:tos_task_delay_abort	24	static
tos_task.c:525:19:tos_task_curr_task_get	16	static
tos_task.c:539:14:tos_task_walkthru	24	static
tos_task.c:557:16:tos_task_info_display	8	static
