core_cm4.h:1688:22:__NVIC_EnableIRQ	16	static
core_cm4.h:1724:22:__NVIC_DisableIRQ	16	static,ignoring_inline_asm
iCom.c:145:6:IComDriverXferDoneCallbackIrq	24	static
iCom.c:155:6:IComUartErrorCallbackIrq	40	static
iCom.c:195:17:IComUartRxCallbackIrq	16	static
iCom.c:221:28:FindIComObject	24	static
iCom.c:233:13:UartStartReceive	16	static
iCom.c:246:12:IComConstruct	40	static
iCom.c:391:12:IComDestory	24	static
iCom.c:410:6:IComStart	24	static
iCom.c:432:6:IComStop	24	static
iCom.c:447:8:IComGetErrorCode	24	static
iCom.c:459:6:IComClearErrorCode	24	static
iCom.c:469:12:IComTransmit	56	static
iCom.c:533:6:IComPushOneDataToArray	24	static
iCom.c:543:8:IComGetData	40	static
iCom.c:560:6:IComIsEmpty	24	static
iCom.c:569:13:clearFlags	32	static
iCom.c:591:17:IComIrqPostProcess	24	static
iCom.c:601:6:iComDistributeTask	24	static
iCom.c:619:6:IComInit	8	static
