osAbstract.c:8:6:OsAbsDelay	16	static
osAbstract.c:12:8:OsAbsTickGet	8	static
osAbstract.c:16:8:OsAbsGetElaspedTick	24	static
osAbstract.c:27:7:OsAbsMalloc	16	static
osAbstract.c:31:6:OsAbsFree	16	static
osAbstract.c:35:6:OsAbsTaskPauseScheduler	8	static
osAbstract.c:39:6:OsAbsTaskResumeScheduler	8	static
osAbstract.c:44:6:OsAbsEnterCriticalSection	4	static,ignoring_inline_asm
osAbstract.c:48:6:OsAbsExitCriticalSection	4	static,ignoring_inline_asm
osAbstract.c:52:6:OsAbsEnterCriticalSectionFromIsr	4	static,ignoring_inline_asm
osAbstract.c:56:6:OsAbsExitCriticalSectionFromIsr	4	static,ignoring_inline_asm
osAbstract.c:88:16:OsAbsSemaphoreCreate	16	static
osAbstract.c:104:8:OsAbsSemaphoreTake	32	static
osAbstract.c:119:6:OsAbsSemaphoreGive	16	static
osAbstract.c:130:6:OsAbsSemaphoreDelete	16	static
osAbstract.c:138:12:OsAbsMutexCreate	16	static
osAbstract.c:150:6:OsAbsMutexDestory	16	static
osAbstract.c:157:8:OsAbsMutexTake	32	static
osAbstract.c:171:6:OsAbsMutexGive	24	static
osAbstract.c:180:6:OsAbsSleep	24	static
osAbstract.c:184:6:OsAbsYield	8	static
