cmsis_os.c:4:17:priority_cmsis2knl	16	static
cmsis_os.c:13:19:priority_knl2cmsis	16	static
cmsis_os.c:18:17:errno_knl2cmsis	16	static
cmsis_os.c:24:10:osKernelStart	8	static
cmsis_os.c:33:10:osKernelInitialize	8	static
cmsis_os.c:43:9:osKernelRunning	8	static
cmsis_os.c:54:10:osKernelSysTick	16	static
cmsis_os.c:70:12:osThreadCreate	56	static
cmsis_os.c:99:12:osThreadGetId	4	static
cmsis_os.c:109:10:osThreadTerminate	16	static
cmsis_os.c:120:10:osThreadSetPriority	16	static
cmsis_os.c:129:10:osThreadYield	8	static
cmsis_os.c:141:12:osThreadGetPriority	16	static
cmsis_os.c:157:10:osDelay	32	static
cmsis_os.c:178:11:osTimerCreate	64	static
cmsis_os.c:202:10:osTimerStart	40	static
cmsis_os.c:231:10:osTimerStop	16	static
cmsis_os.c:241:10:osTimerDelete	16	static
cmsis_os.c:254:11:osMutexCreate	24	static
cmsis_os.c:272:10:osMutexWait	32	static
cmsis_os.c:290:10:osMutexRelease	16	static
cmsis_os.c:300:10:osMutexDelete	16	static
cmsis_os.c:314:15:osSemaphoreCreate	24	static
cmsis_os.c:332:9:osSemaphoreWait	40	static
cmsis_os.c:353:10:osSemaphoreRelease	16	static
cmsis_os.c:363:10:osSemaphoreDelete	16	static
cmsis_os.c:379:10:osPoolCreate	24	static
cmsis_os.c:397:7:osPoolAlloc	24	static
cmsis_os.c:411:7:osPoolCAlloc	24	static
cmsis_os.c:431:10:osPoolFree	16	static
cmsis_os.c:449:14:osMessageCreate	24	static
cmsis_os.c:470:10:osMessagePut	24	static
cmsis_os.c:481:9:osMessageGet	64	static
